  Determining projects to restore...
  Restored C:\Projects\SportsBooking\src\SportsBooking.Domain\SportsBooking.Domain.csproj (in 324 ms).
