C:\Program Files\dotnet\sdk\10.0.302\Sdks\Microsoft.NET.Sdk\targets\Microsoft.PackageDependencyResolution.targets(266,5): error NETSDK1004: Assets file 'C:\Projects\SportsBooking\src\SportsBooking.Infrastructure\obj\project.assets.json' not found. Run a NuGet package restore to generate this file. [c:\Projects\SportsBooking\src\SportsBooking.Infrastructure\SportsBooking.Infrastructure.csproj]
C:\Program Files\dotnet\sdk\10.0.302\Sdks\Microsoft.NET.Sdk\targets\Microsoft.PackageDependencyResolution.targets(266,5): error NETSDK1004: Assets file 'C:\Projects\SportsBooking\tests\SportsBooking.Tests\obj\project.assets.json' not found. Run a NuGet package restore to generate this file. [c:\Projects\SportsBooking\tests\SportsBooking.Tests\SportsBooking.Tests.csproj]
C:\Program Files\dotnet\sdk\10.0.302\Sdks\Microsoft.NET.Sdk\targets\Microsoft.PackageDependencyResolution.targets(266,5): error NETSDK1004: Assets file 'c:\Projects\SportsBooking\src\SportsBooking.API\obj\project.assets.json' not found. Run a NuGet package restore to generate this file. [c:\Projects\SportsBooking\src\SportsBooking.API\SportsBooking.API.csproj]
  SportsBooking.Domain -> c:\Projects\SportsBooking\src\SportsBooking.Domain\bin\Debug\net10.0\SportsBooking.Domain.dll
c:\Projects\SportsBooking\src\SportsBooking.Application\DependencyInjection\ServiceCollectionExtensions.cs(40,18): error CS1061: 'IServiceCollection' does not contain a definition for 'AddValidatorsFromAssemblyContaining' and no accessible extension method 'AddValidatorsFromAssemblyContaining' accepting a first argument of type 'IServiceCollection' could be found (are you missing a using directive or an assembly reference?) [c:\Projects\SportsBooking\src\SportsBooking.Application\SportsBooking.Application.csproj]

Build FAILED.

C:\Program Files\dotnet\sdk\10.0.302\Sdks\Microsoft.NET.Sdk\targets\Microsoft.PackageDependencyResolution.targets(266,5): error NETSDK1004: Assets file 'C:\Projects\SportsBooking\src\SportsBooking.Infrastructure\obj\project.assets.json' not found. Run a NuGet package restore to generate this file. [c:\Projects\SportsBooking\src\SportsBooking.Infrastructure\SportsBooking.Infrastructure.csproj]
C:\Program Files\dotnet\sdk\10.0.302\Sdks\Microsoft.NET.Sdk\targets\Microsoft.PackageDependencyResolution.targets(266,5): error NETSDK1004: Assets file 'C:\Projects\SportsBooking\tests\SportsBooking.Tests\obj\project.assets.json' not found. Run a NuGet package restore to generate this file. [c:\Projects\SportsBooking\tests\SportsBooking.Tests\SportsBooking.Tests.csproj]
C:\Program Files\dotnet\sdk\10.0.302\Sdks\Microsoft.NET.Sdk\targets\Microsoft.PackageDependencyResolution.targets(266,5): error NETSDK1004: Assets file 'c:\Projects\SportsBooking\src\SportsBooking.API\obj\project.assets.json' not found. Run a NuGet package restore to generate this file. [c:\Projects\SportsBooking\src\SportsBooking.API\SportsBooking.API.csproj]
c:\Projects\SportsBooking\src\SportsBooking.Application\DependencyInjection\ServiceCollectionExtensions.cs(40,18): error CS1061: 'IServiceCollection' does not contain a definition for 'AddValidatorsFromAssemblyContaining' and no accessible extension method 'AddValidatorsFromAssemblyContaining' accepting a first argument of type 'IServiceCollection' could be found (are you missing a using directive or an assembly reference?) [c:\Projects\SportsBooking\src\SportsBooking.Application\SportsBooking.Application.csproj]
    0 Warning(s)
    4 Error(s)

Time Elapsed 00:01:35.44
